C:\Temp\Prak1\PPC_ML310_Tutorial_10_1\Lab1_Task3\implementation\system.ngc 1399991751
C:/Temp/Prak1/PPC_ML310_Tutorial_10_1/Lab1_Task3/implementation/ppc405_0_wrapper.ngc 1399991738
C:/Temp/Prak1/PPC_ML310_Tutorial_10_1/Lab1_Task3/implementation/jtagppc_cntlr_0_wrapper.ngc 1399991738
C:/Temp/Prak1/PPC_ML310_Tutorial_10_1/Lab1_Task3/implementation/plb0_wrapper.ngc 1399991738
C:/Temp/Prak1/PPC_ML310_Tutorial_10_1/Lab1_Task3/implementation/xps_bram_if_cntlr_1_wrapper.ngc 1399991738
C:/Temp/Prak1/PPC_ML310_Tutorial_10_1/Lab1_Task3/implementation/plb_bram_if_cntlr_1_bram_wrapper.ngc 1399991738
C:/Temp/Prak1/PPC_ML310_Tutorial_10_1/Lab1_Task3/implementation/rs232_uart_wrapper.ngc 1399991738
C:/Temp/Prak1/PPC_ML310_Tutorial_10_1/Lab1_Task3/implementation/xps_bram_if_cntlr_2_wrapper.ngc 1399991738
C:/Temp/Prak1/PPC_ML310_Tutorial_10_1/Lab1_Task3/implementation/xps_bram_if_cntlr_2_bram_wrapper.ngc 1399991738
C:/Temp/Prak1/PPC_ML310_Tutorial_10_1/Lab1_Task3/implementation/orgate_1_wrapper.ngc 1399991738
C:/Temp/Prak1/PPC_ML310_Tutorial_10_1/Lab1_Task3/implementation/clock_generator_0_wrapper.ngc 1399991738
C:/Temp/Prak1/PPC_ML310_Tutorial_10_1/Lab1_Task3/implementation/proc_sys_reset_0_wrapper.ngc 1399991738
C:/Temp/Prak1/PPC_ML310_Tutorial_10_1/Lab1_Task3/implementation/blinker_0_wrapper.ngc 1399991743
OK
