C:\Temp\Prak1\PPC_ML310_Tutorial_10_1\implementation\system.ngc 1399990866
C:/Temp/Prak1/PPC_ML310_Tutorial_10_1/implementation/ppc405_0_wrapper.ngc 1399990845
C:/Temp/Prak1/PPC_ML310_Tutorial_10_1/implementation/jtagppc_cntlr_0_wrapper.ngc 1399990845
C:/Temp/Prak1/PPC_ML310_Tutorial_10_1/implementation/plb0_wrapper.ngc 1399990845
C:/Temp/Prak1/PPC_ML310_Tutorial_10_1/implementation/xps_bram_if_cntlr_1_wrapper.ngc 1399990845
C:/Temp/Prak1/PPC_ML310_Tutorial_10_1/implementation/plb_bram_if_cntlr_1_bram_wrapper.ngc 1399990845
C:/Temp/Prak1/PPC_ML310_Tutorial_10_1/implementation/rs232_uart_wrapper.ngc 1399990845
C:/Temp/Prak1/PPC_ML310_Tutorial_10_1/implementation/leds_8bit_wrapper.ngc 1399990845
C:/Temp/Prak1/PPC_ML310_Tutorial_10_1/implementation/xps_timer_1_wrapper.ngc 1399990845
C:/Temp/Prak1/PPC_ML310_Tutorial_10_1/implementation/xps_bram_if_cntlr_2_wrapper.ngc 1399990845
C:/Temp/Prak1/PPC_ML310_Tutorial_10_1/implementation/xps_bram_if_cntlr_2_bram_wrapper.ngc 1399990845
C:/Temp/Prak1/PPC_ML310_Tutorial_10_1/implementation/ppc405_0_iocm_wrapper.ngc 1399990845
C:/Temp/Prak1/PPC_ML310_Tutorial_10_1/implementation/ppc405_0_iocm_cntlr_wrapper.ngc 1399990845
C:/Temp/Prak1/PPC_ML310_Tutorial_10_1/implementation/isocm_bram_wrapper.ngc 1399990845
C:/Temp/Prak1/PPC_ML310_Tutorial_10_1/implementation/ppc405_0_docm_wrapper.ngc 1399990845
C:/Temp/Prak1/PPC_ML310_Tutorial_10_1/implementation/ppc405_0_docm_cntlr_wrapper.ngc 1399990845
C:/Temp/Prak1/PPC_ML310_Tutorial_10_1/implementation/dsocm_bram_wrapper.ngc 1399990845
C:/Temp/Prak1/PPC_ML310_Tutorial_10_1/implementation/orgate_1_wrapper.ngc 1399990845
C:/Temp/Prak1/PPC_ML310_Tutorial_10_1/implementation/clock_generator_0_wrapper.ngc 1399990845
C:/Temp/Prak1/PPC_ML310_Tutorial_10_1/implementation/proc_sys_reset_0_wrapper.ngc 1399990845
C:/Temp/Prak1/PPC_ML310_Tutorial_10_1/implementation/xps_intc_0_wrapper.ngc 1399990845
OK
